{
  "scope": "Identical hardened in-process geometric checks, one synthetic 3-part assembly; not end-to-end model or CAD build latency",
  "versions": {
    "python": "3.13.5",
    "platform": "Linux",
    "machine": "x86_64",
    "cadloop": "0.1.1-source",
    "cadquery-ocp": "7.9.3.1.1",
    "cadquery": "2.8.0",
    "build123d": "not-installed",
    "pydantic": "2.13.4",
    "numpy": "2.3.5",
    "matplotlib": "3.10.8",
    "vtk": "9.6.2"
  },
  "repetitions_each": 12,
  "median_seconds": {
    "cached": 0.10538856049993228,
    "uncached": 0.10572595700011789
  },
  "samples_seconds": {
    "cached": [
      0.10559329099987735,
      0.1031158759999471,
      0.105172654999933,
      0.10747175899996364,
      0.10829669999998259,
      0.10435289099996226,
      0.10720491300003232,
      0.10439058700012538,
      0.10743606599999111,
      0.10517857300010292,
      0.10775228099987544,
      0.10518382999998721
    ],
    "uncached": [
      0.10510885100006817,
      0.10628575800001272,
      0.10799400499990952,
      0.10440390600001592,
      0.10443088600004558,
      0.10329744199998458,
      0.10803102900013073,
      0.10574377300008564,
      0.10875888800001121,
      0.10570814100015014,
      0.1037406519999422,
      0.10706933899996329
    ]
  },
  "median_reduction_percent": 0.3191236189852842,
  "cylindrical_face_traversals": {
    "cached": 3,
    "uncached": 7
  },
  "identical_evidence": true,
  "check_evidence_digest": "3c409938528b1db69769a7b19fa18252e5a6394311fbdd7fee1f2cd811da4ee4",
  "checks_in_microbenchmark": 24,
  "llm_calls": 0,
  "limitations": "Single-machine microbenchmark with warm imports and prebuilt geometry. Does not predict large assemblies or model costs."
}
